<?xml version="1.0" encoding="UTF-8"?><mappingRoot xmlns="http://www.ibm.com/2008/ccl/Mapping" domainID="com.ibm.msl.mapping.xml" domainIDExtension="mb" mainMap="true" targetNamespace="getCustomerOrder" version="8.0.5.0" xmlns:map="getCustomerOrder">
    <inlinedXMLSchema><![CDATA[<?xml version="1.0" encoding="UTF-8"?><xsd:schema xmlns:xsd="http://www.w3.org/2001/XMLSchema"> 
    <xsd:element name="Global"> 
    <xsd:complexType> 
      <xsd:sequence> 
        <xsd:element name="company_number" type="xsd:string"/> 
        <xsd:element name="customer_number" type="xsd:string"/> 
      </xsd:sequence> 
    </xsd:complexType> 
  </xsd:element> 
    <xsd:element name="CUNO" type="xsd:string"/> 
    <xsd:element name="CONO" type="xsd:string"/> 
</xsd:schema>]]></inlinedXMLSchema>
    <input path="jar:file://!com/ibm/etools/mft/map/xsds/assembly/Environment.xsd" var="var3"/>
    <input inlinedXMLSchema="true" path="../schema_0.xsd" var="var2"/>
    <output path="jar:file://!com/ibm/etools/mft/map/xsds/assembly/Environment.xsd" var="var"/>
    <output path="jar:file://!com/ibm/etools/mft/map/xsds/predefined/BlobMessage.xsd" var="var1"/>
    <generation engine="xquery"/>
    <mappingDeclaration name="prepareGetBasicData">
        <input path="$var3/mb:env(Environment)">
            <cast castType="userDefined" path="Variables/any" qualifier="Global" ref="var2" var="any2"/>
        </input>
        <output path="$var/mb:env(Environment)" var="Environment">
            <cast castType="userDefined" path="$Environment/Variables/any" qualifier="Global" ref="var2" var="any3"/>
        </output>
        <output path="$var1/mb:msg(BLOB,assembly,BLOB,LocalEnvironment)" var="ComIbmMessageAssembly_BLOB1">
            <cast castType="userDefined" path="$ComIbmMessageAssembly_BLOB1/LocalEnvironment/Destination/HTTP/QueryString/any" qualifier="CONO" ref="var2" var="any"/>
            <cast castType="userDefined" path="$ComIbmMessageAssembly_BLOB1/LocalEnvironment/Destination/HTTP/QueryString/any" qualifier="CUNO" ref="var2" var="any1"/>
        </output>
        <passthrough>
            <input path="."/>
            <output path="$Environment/."/>
            <updates/>
        </passthrough>
        <move>
            <input path="Variables/Global/company_number"/>
            <output path="$ComIbmMessageAssembly_BLOB1/LocalEnvironment/Destination/HTTP/QueryString/CONO"/>
        </move>
        <move>
            <input path="Variables/Global/customer_number"/>
            <output path="$ComIbmMessageAssembly_BLOB1/LocalEnvironment/Destination/HTTP/QueryString/CUNO"/>
        </move>
    </mappingDeclaration>
</mappingRoot>