<?xml version="1.0" encoding="UTF-8"?><mappingRoot xmlns="http://www.ibm.com/2008/ccl/Mapping" domainID="com.ibm.msl.mapping.xml" domainIDExtension="mb" mainMap="true" targetNamespace="postSubscriptionOrder" version="8.0.5.0" xmlns:map="postSubscriptionOrder">
    <inlinedXMLSchema><![CDATA[<?xml version="1.0" encoding="UTF-8"?><xsd:schema xmlns:xsd="http://www.w3.org/2001/XMLSchema">        
    <xsd:element name="optimizeOrderLines" type="xsd:string"/>        
</xsd:schema>]]></inlinedXMLSchema>
    <input path="jar:file://!com/ibm/etools/mft/map/xsds/predefined/JsonDomainMsg.xsd" var="var"/>
    <input derivedFrom="MB:JSON_schema_in_swagger_document" path="/swagger.json" var="var1"/>
    <input inlinedXMLSchema="true" path="../schema_0.xsd" var="var2"/>
    <output path="/subscriptionOrder.xsd"/>
    <namespaces>
        <namespace kind="supplement" prefix="io" uri="http://www.ibm.com/iib/msl/json"/>
        <namespace kind="supplement" prefix="out" uri="http://TIP026_DSP_Orders_REST"/>
    </namespaces>
    <generation engine="xquery"/>
    <mappingDeclaration name="mapInputParametersToXml">
        <input derivedFrom="MB:JSON_operation_name:postSubscriptionOrder" namespace="http://www.ibm.com/iib/msl/json" path="$var/mb:msg(JSON,assembly,JSON,Properties,LocalEnvironment)" var="ComIbmMessageAssembly_JSON">
            <cast derivedFrom="MB:JSON_operation_request" path="$ComIbmMessageAssembly_JSON/JSON/Data/type('anyType')" qualifier="{http://www.ibm.com/iib/msl/json}postSubscriptionOrderRequest" ref="var1"/>
            <cast derivedFrom="MB:JSON_path_query_parm:optimizeOrderLines" path="$ComIbmMessageAssembly_JSON/LocalEnvironment/REST/Input/Parameters/any" qualifier="optimizeOrderLines" ref="var2"/>
        </input>
        <output namespace="http://TIP026_DSP_Orders_REST" path="mb:msg(postSubscriptionOrderRequest,assembly,XMLNSC,Properties)" var="MessageAssembly"/>
        <move>
            <input path="$ComIbmMessageAssembly_JSON/Properties"/>
            <output path="$MessageAssembly/Properties"/>
        </move>
        <local>
            <input path="$ComIbmMessageAssembly_JSON/JSON/spath('Data',2)" var="Data"/>
            <input path="$ComIbmMessageAssembly_JSON/LocalEnvironment/REST/Input/Parameters/optimizeOrderLines[1]" var="optimizeOrderLines"/>
            <output path="$MessageAssembly/postSubscriptionOrderRequest"/>
            <move>
                <input path="$Data/companyNumber" var="companyNumber"/>
                <output path="companyNumber"/>
            </move>
            <move>
                <input path="$Data/customerNumber"/>
                <output path="customerNumber"/>
            </move>
            <move>
                <input path="$Data/customerReference"/>
                <output path="customerReference"/>
            </move>
            <move>
                <input path="$Data/firstDeliveryDate"/>
                <output path="firstDeliveryDate"/>
            </move>
            <move>
                <input path="$Data/validFromDate"/>
                <output path="validFromDate"/>
            </move>
            <move>
                <input path="$Data/validToDate"/>
                <output path="validToDate"/>
            </move>
            <move>
                <input path="$Data/deliveryWeekdayNumber"/>
                <output path="deliveryWeekdayNumber"/>
            </move>
            <condition>
                <if>
                    <input path="$Data/deliveryIntervalDays" var="deliveryIntervalDays"/>
                    <output path="deliveryIntervalDays"/>
                    <test lang="xpath">$deliveryIntervalDays != '7'</test>
                    <move>
                        <input path="$deliveryIntervalDays/."/>
                        <output path="."/>
                    </move>
                </if>
                <else>
                    <output path="deliveryIntervalDays"/>
                    <assign>
                        <output path="."/>
                    </assign>
                </else>
            </condition>
            <move>
                <input path="$Data/estimatedOrderAmount"/>
                <output path="estimatedOrderAmount"/>
            </move>
            <foreach>
                <input path="$Data/orderLines/Item"/>
                <output path="orderLines"/>
                <move>
                    <input path="sku"/>
                    <output path="sku"/>
                </move>
                <move>
                    <input path="quantity"/>
                    <output path="quantity"/>
                </move>
                <move>
                    <input path="orderLineUnit"/>
                    <output path="orderLineUnit"/>
                </move>
            </foreach>
            <condition>
                <if>
                    <input path="$optimizeOrderLines/.[1]" var="optimizeOrderLines1"/>
                    <output path="optimizeOrderLines"/>
                    <test lang="xpath">fn:string-length($optimizeOrderLines1) &gt; 0</test>
                    <convert>
                        <input path="$optimizeOrderLines1/.[1]" var="optimizeOrderLines2"/>
                        <output path="."/>
                    </convert>
                </if>
                <else>
                    <output path="optimizeOrderLines"/>
                    <assign value="false">
                        <output path="."/>
                    </assign>
                </else>
            </condition>
        </local>
    </mappingDeclaration>
</mappingRoot>