<?xml version="1.0" encoding="UTF-8"?><mappingRoot xmlns="http://www.ibm.com/2008/ccl/Mapping" domainID="com.ibm.msl.mapping.xml" domainIDExtension="mb" mainMap="true" targetNamespace="getCancellationDateList" version="8.0.5.0" xmlns:map="getCancellationDateList">
    <inlinedXMLSchema><![CDATA[<?xml version="1.0" encoding="UTF-8"?><xsd:schema xmlns:xsd="http://www.w3.org/2001/XMLSchema">     
    <xsd:element name="fromDate" type="xsd:string"/>     
    <xsd:element name="companyNumber" type="xsd:string"/>     
    <xsd:element name="customerNumber" type="xsd:string"/>     
</xsd:schema>]]></inlinedXMLSchema>
    <input path="jar:file://!com/ibm/etools/mft/map/xsds/predefined/BlobMessage.xsd" var="var"/>
    <input inlinedXMLSchema="true" path="../schema_0.xsd" var="var1"/>
    <output path="/cancellationDateList.xsd"/>
    <namespaces>
        <namespace kind="supplement" prefix="out" uri="http://www.ibm.com/iib/msl/json"/>
        <namespace kind="supplement" prefix="out2" uri="http://TIP026_DSP_Orders_REST"/>
        <namespace kind="extension" prefix="fn" uri="http://www.w3.org/2005/xpath-functions"/>
    </namespaces>
    <generation engine="xquery"/>
    <mappingDeclaration name="mapInputParametersToXml">
        <input derivedFrom="MB:JSON_operation_name:getCancellationDateList" path="$var/mb:msg(BLOB,assembly,BLOB,Properties,LocalEnvironment)" var="ComIbmMessageAssembly_BLOB">
            <cast derivedFrom="MB:JSON_path_query_parm:fromDate" path="$ComIbmMessageAssembly_BLOB/LocalEnvironment/REST/Input/Parameters/any" qualifier="fromDate" ref="var1"/>
            <cast derivedFrom="MB:JSON_path_query_parm:companyNumber" path="$ComIbmMessageAssembly_BLOB/LocalEnvironment/REST/Input/Parameters/any" qualifier="companyNumber" ref="var1"/>
            <cast derivedFrom="MB:JSON_path_query_parm:customerNumber" path="$ComIbmMessageAssembly_BLOB/LocalEnvironment/REST/Input/Parameters/any" qualifier="customerNumber" ref="var1"/>
        </input>
        <output namespace="http://TIP026_DSP_Orders_REST" path="mb:msg(getCancellationDateListRequest,assembly,XMLNSC,Properties)" var="MessageAssembly"/>
        <move>
            <input path="$ComIbmMessageAssembly_BLOB/Properties"/>
            <output path="$MessageAssembly/Properties"/>
        </move>
        <local>
            <input path="$ComIbmMessageAssembly_BLOB/LocalEnvironment/REST/Input/Parameters"/>
            <output path="$MessageAssembly/getCancellationDateListRequest"/>
            <condition>
                <if>
                    <input path="fromDate" var="fromDate3"/>
                    <output path="fromDate"/>
                    <test lang="xpath">fn:string-length($fromDate3) &lt; 1</test>
                    <expression>
                        <output path="."/>
                        <code lang="xpath">fn:substring-before(fn:replace(xs:string(fn:current-date()), "-", ""), "+")</code>
                    </expression>
                </if>
                <elseif>
                    <input path="fromDate" var="fromDate"/>
                    <output path="fromDate"/>
                    <test lang="xpath">fn:contains($fromDate, '-')</test>
                    <function ref="fn:replace">
                        <input path="$fromDate/." var="fromDate2"/>
                        <output path="."/>
                        <param name="input" value="$fromDate2"/>
                        <param name="pattern" value="&quot;-&quot;"/>
                        <param name="replacement" value="&quot;&quot;"/>
                    </function>
                </elseif>
                <else>
                    <input path="fromDate[1]"/>
                    <output path="fromDate"/>
                    <move>
                        <input path=".[1]" var="fromDate1"/>
                        <output path="."/>
                    </move>
                </else>
            </condition>
            <move>
                <input path="companyNumber[1]"/>
                <output path="companyNumber"/>
            </move>
            <move>
                <input path="customerNumber[1]"/>
                <output path="customerNumber"/>
            </move>
        </local>
    </mappingDeclaration>
</mappingRoot>