<?xml version="1.0" encoding="UTF-8"?><mappingRoot xmlns="http://www.ibm.com/2008/ccl/Mapping" domainID="com.ibm.msl.mapping.xml" domainIDExtension="mb" mainMap="true" targetNamespace="putCustomerOrder" version="8.0.5.0" xmlns:map="putCustomerOrder">
    <inlinedXMLSchema><![CDATA[<?xml version="1.0" encoding="UTF-8"?><xsd:schema xmlns:xsd="http://www.w3.org/2001/XMLSchema">       
    <xsd:include schemaLocation="/putCustomerOrder.xsd"/>       
                <xsd:element name="Global">     
    <xsd:complexType>     
      <xsd:sequence>     
        <xsd:element name="OriginRequest" type="putOriginRequest"/>     
      </xsd:sequence>     
    </xsd:complexType>     
  </xsd:element>     
    <xsd:element name="ALUN" type="xsd:string"/>     
    <xsd:element name="DRDN" type="xsd:string"/>     
    <xsd:element name="WHLO" type="xsd:string"/>     
    <xsd:element name="SPUN" type="xsd:string"/>     
    <xsd:element name="SAPR" type="xsd:string"/>     
    <xsd:element name="LSLS" type="xsd:string"/>     
    <xsd:element name="DIP6" type="xsd:string"/>     
    <xsd:element name="DIP5" type="xsd:string"/>     
    <xsd:element name="DIP4" type="xsd:string"/>     
    <xsd:element name="DIP3" type="xsd:string"/>     
    <xsd:element name="DIP2" type="xsd:string"/>     
    <xsd:element name="DIP1" type="xsd:string"/>     
    <xsd:element name="ORQT" type="xsd:string"/>     
    <xsd:element name="ITNO" type="xsd:string"/>     
    <xsd:element name="ORNO" type="xsd:string"/>     
    <xsd:element name="DPakQuantity" type="xsd:string"/>       
    <xsd:element name="CurrentOrder" type="Order"/>       
</xsd:schema>]]></inlinedXMLSchema>
    <input path="jar:file://!com/ibm/etools/mft/map/xsds/assembly/Environment.xsd" var="var3"/>
    <input path="jar:file://!com/ibm/etools/mft/map/xsds/predefined/BlobMessage.xsd" var="var1"/>
    <input inlinedXMLSchema="true" path="../schema_0.xsd" var="var"/>
    <input path="/putCustomerOrder.xsd" var="var2"/>
    <output path="jar:file://!com/ibm/etools/mft/map/xsds/assembly/Environment.xsd" var="var4"/>
    <output path="jar:file://!com/ibm/etools/mft/map/xsds/predefined/BlobMessage.xsd" var="var5"/>
    <generation engine="xquery"/>
    <mappingDeclaration name="mapPrepareAddLineBatchEntDPakAdd">
        <input path="$var3/mb:env(Environment)" var="Environment">
            <cast castType="userDefined" path="$Environment/Variables/any" qualifier="Global" ref="var" var="any"/>
        </input>
        <input path="$var1/mb:msg(BLOB,assembly,BLOB,LocalEnvironment)" var="MessageAssembly">
            <cast castType="userDefined" path="$MessageAssembly/LocalEnvironment/Variables/any" qualifier="CurrentOrder" ref="var" var="any1"/>
            <cast castType="userDefined" path="$MessageAssembly/LocalEnvironment/Variables/any" qualifier="DPakQuantity" ref="var" var="any2"/>
        </input>
        <output path="$var4/mb:env(Environment)" var="Environment1">
            <cast castType="userDefined" path="$Environment1/Variables/any" qualifier="Global" ref="var" var="any3"/>
        </output>
        <output path="$var5/mb:msg(BLOB,assembly,BLOB,LocalEnvironment)" var="MessageAssembly1">
            <cast castType="userDefined" path="$MessageAssembly1/LocalEnvironment/Destination/HTTP/QueryString/any" qualifier="ORNO" ref="var" var="any4"/>
            <cast castType="userDefined" path="$MessageAssembly1/LocalEnvironment/Destination/HTTP/QueryString/any" qualifier="ITNO" ref="var" var="any5"/>
            <cast castType="userDefined" path="$MessageAssembly1/LocalEnvironment/Destination/HTTP/QueryString/any" qualifier="ORQT" ref="var" var="any6"/>
            <cast castType="userDefined" path="$MessageAssembly1/LocalEnvironment/Destination/HTTP/QueryString/any" qualifier="DIP1" ref="var" var="any7"/>
            <cast castType="userDefined" path="$MessageAssembly1/LocalEnvironment/Destination/HTTP/QueryString/any" qualifier="DIP2" ref="var" var="any8"/>
            <cast castType="userDefined" path="$MessageAssembly1/LocalEnvironment/Destination/HTTP/QueryString/any" qualifier="DIP3" ref="var" var="any9"/>
            <cast castType="userDefined" path="$MessageAssembly1/LocalEnvironment/Destination/HTTP/QueryString/any" qualifier="DIP4" ref="var" var="any10"/>
            <cast castType="userDefined" path="$MessageAssembly1/LocalEnvironment/Destination/HTTP/QueryString/any" qualifier="DIP5" ref="var" var="any11"/>
            <cast castType="userDefined" path="$MessageAssembly1/LocalEnvironment/Destination/HTTP/QueryString/any" qualifier="DIP6" ref="var" var="any12"/>
            <cast castType="userDefined" path="$MessageAssembly1/LocalEnvironment/Destination/HTTP/QueryString/any" qualifier="LSLS" ref="var" var="any13"/>
            <cast castType="userDefined" path="$MessageAssembly1/LocalEnvironment/Destination/HTTP/QueryString/any" qualifier="SAPR" ref="var" var="any14"/>
            <cast castType="userDefined" path="$MessageAssembly1/LocalEnvironment/Destination/HTTP/QueryString/any" qualifier="SPUN" ref="var" var="any15"/>
            <cast castType="userDefined" path="$MessageAssembly1/LocalEnvironment/Destination/HTTP/QueryString/any" qualifier="WHLO" ref="var" var="any16"/>
            <cast castType="userDefined" path="$MessageAssembly1/LocalEnvironment/Destination/HTTP/QueryString/any" qualifier="DRDN" ref="var" var="any17"/>
            <cast castType="userDefined" path="$MessageAssembly1/LocalEnvironment/Destination/HTTP/QueryString/any" qualifier="ALUN" ref="var" var="any18"/>
            <cast castType="userDefined" path="$MessageAssembly1/LocalEnvironment/Variables/any" qualifier="CurrentOrder" ref="var" var="any19"/>
        </output>
        <passthrough>
            <input path="$Environment/."/>
            <output path="$Environment1/."/>
            <updates/>
        </passthrough>
        <local>
            <input path="$Environment/Variables/Global[1]/OriginRequest" var="OriginRequest"/>
            <input path="$MessageAssembly/LocalEnvironment/Variables/CurrentOrder[1]" var="CurrentOrder"/>
            <input path="$MessageAssembly/LocalEnvironment/Variables/DPakQuantity[1]" var="DPakQuantity"/>
            <output path="$MessageAssembly1/LocalEnvironment/Destination/HTTP/QueryString"/>
            <move>
                <input path="$OriginRequest/orderNumber"/>
                <output path="ORNO"/>
            </move>
            <move>
                <input path="$CurrentOrder/sku"/>
                <output path="ITNO"/>
            </move>
            <move>
                <input path="$DPakQuantity/.[1]"/>
                <output path="ORQT"/>
            </move>
            <move>
                <input path="$CurrentOrder/discountLine1"/>
                <output path="DIP1"/>
            </move>
            <move>
                <input path="$CurrentOrder/discountLine2"/>
                <output path="DIP2"/>
            </move>
            <move>
                <input path="$CurrentOrder/discountLine3"/>
                <output path="DIP3"/>
            </move>
            <move>
                <input path="$CurrentOrder/discountLine4"/>
                <output path="DIP4"/>
            </move>
            <move>
                <input path="$CurrentOrder/discountLine5"/>
                <output path="DIP5"/>
            </move>
            <move>
                <input path="$CurrentOrder/discountLine6"/>
                <output path="DIP6"/>
            </move>
            <condition>
                <if>
                    <input path="$CurrentOrder/isLostSales" var="isLostSales"/>
                    <output path="LSLS"/>
                    <test lang="xpath">fn:string($isLostSales) = "true"</test>
                    <assign value="1">
                        <output path="."/>
                    </assign>
                </if>
                <else>
                    <output path="LSLS"/>
                    <assign value="0">
                        <output path="."/>
                    </assign>
                </else>
            </condition>
            <task type="todo">
                <output path="SAPR"/>
            </task>
            <task type="todo">
                <output path="SPUN"/>
            </task>
            <condition>
                <if>
                    <input path="$CurrentOrder/lostSalesWarehouse" var="lostSalesWarehouse"/>
                    <output path="WHLO" var="WHLO"/>
                    <test lang="xpath">fn:string-length($lostSalesWarehouse) &gt; 0</test>
                    <move>
                        <input path="$lostSalesWarehouse/." var="lostSalesWarehouse1"/>
                        <output path="$WHLO/."/>
                    </move>
                </if>
                <else>
                    <output path="WHLO"/>
                    <assign>
                        <output path="."/>
                    </assign>
                </else>
            </condition>
            <condition>
                <if>
                    <input path="$CurrentOrder/lostSalesUniqueId" var="lostSalesUniqueId"/>
                    <output path="DRDN"/>
                    <test lang="xpath">fn:string-length($lostSalesUniqueId) &gt; 0</test>
                    <move>
                        <input path="$lostSalesUniqueId/." var="lostSalesUniqueId"/>
                        <output path="."/>
                    </move>
                </if>
                <else>
                    <output path="DRDN"/>
                    <assign>
                        <output path="."/>
                    </assign>
                </else>
            </condition>
            <assign value="D">
                <output path="ALUN"/>
            </assign>
        </local>
        <move>
            <input path="$MessageAssembly/LocalEnvironment/Variables/CurrentOrder" var="CurrentOrder1"/>
            <output path="$MessageAssembly1/LocalEnvironment/Variables/CurrentOrder"/>
        </move>
    </mappingDeclaration>
</mappingRoot>