<?xml version="1.0" encoding="UTF-8"?><mappingRoot xmlns="http://www.ibm.com/2008/ccl/Mapping" domainID="com.ibm.msl.mapping.xml" domainIDExtension="mb" mainMap="true" targetNamespace="putCustomerOrder" version="8.0.5.0" xmlns:map="putCustomerOrder">
    <input path="jar:file://!com/ibm/etools/mft/map/xsds/predefined/JsonDomainMsg.xsd" var="var3"/>
    <input derivedFrom="MB:JSON_schema_in_swagger_document" path="/swagger.json" var="var4"/>
    <output path="jar:file://!com/ibm/etools/mft/map/xsds/predefined/JsonDomainMsg.xsd" var="var"/>
    <output derivedFrom="MB:JSON_schema_in_swagger_document" path="/swagger.json" var="var1"/>
    <output derivedFrom="MB:JSON_schema_in_swagger_document" path="/swagger.json" var="var5"/>
    <generation engine="xquery"/>
    <mappingDeclaration name="mapPrepareLegalPostCustomerOrderNormal">
        <input namespace="http://www.ibm.com/iib/msl/json" path="$var3/mb:msg(JSON,assembly,JSON,Properties)" var="MessageAssembly">
            <cast derivedFrom="MB:JSON_operation_request" path="$MessageAssembly/JSON/Data/type('anyType')" qualifier="{http://www.ibm.com/iib/msl/json}PutCustomerOrderRequest" ref="var4"/>
        </input>
        <output namespace="http://www.ibm.com/iib/msl/json" path="$var/mb:msg(JSON,assembly,JSON,Properties)" var="MessageAssembly2">
            <cast derivedFrom="MB:JSON_operation_response" path="$MessageAssembly2/JSON/Data/type('anyType')" qualifier="{http://www.ibm.com/iib/msl/json}NewOrder" ref="var1"/>
        </output>
        <foreach>
            <input path="$MessageAssembly/JSON/spath('Data',2)/orderLines/Item"/>
            <output path="$MessageAssembly2/JSON/spath('Data',2)/orderLines/Item"/>
            <move automap="true">
                <input path="sku"/>
                <output path="sku"/>
            </move>
            <move automap="true">
                <input path="quantity"/>
                <output path="quantity"/>
            </move>
            <move automap="true">
                <input path="lostSalesWarehouse"/>
                <output path="lostSalesWarehouse"/>
            </move>
            <move automap="true">
                <input path="orderLineUnit"/>
                <output path="orderLineUnit"/>
            </move>
            <move automap="true">
                <input path="discountLine1"/>
                <output path="discountLine1"/>
            </move>
            <move automap="true">
                <input path="discountLine2"/>
                <output path="discountLine2"/>
            </move>
            <move automap="true">
                <input path="discountLine3"/>
                <output path="discountLine3"/>
            </move>
            <move automap="true">
                <input path="discountLine4"/>
                <output path="discountLine4"/>
            </move>
            <move automap="true">
                <input path="discountLine5"/>
                <output path="discountLine5"/>
            </move>
            <move automap="true">
                <input path="discountLine6"/>
                <output path="discountLine6"/>
            </move>
            <move automap="true">
                <input path="isLostSales"/>
                <output path="isLostSales"/>
            </move>
        </foreach>
        <move>
            <input path="$MessageAssembly/JSON/spath('Data',2)/companyNumber"/>
            <output path="$MessageAssembly2/JSON/spath('Data',2)/companyNumber"/>
        </move>
        <move>
            <input path="$MessageAssembly/JSON/spath('Data',2)/customerNumber"/>
            <output path="$MessageAssembly2/JSON/spath('Data',2)/customerNumber"/>
        </move>
        <move>
            <input path="$MessageAssembly/JSON/spath('Data',2)/orderNumber"/>
            <output path="$MessageAssembly2/JSON/spath('Data',2)/customerOrderNumber"/>
        </move>
        <move>
            <input path="$MessageAssembly/JSON/spath('Data',2)/estimatedOrderAmount"/>
            <output path="$MessageAssembly2/JSON/spath('Data',2)/estimatedOrderAmount"/>
        </move>
        <move>
            <input path="$MessageAssembly/JSON/spath('Data',2)/orderType"/>
            <output path="$MessageAssembly2/JSON/spath('Data',2)/orderType"/>
        </move>
        <move>
            <input path="$MessageAssembly/JSON/spath('Data',2)/requestedDeliveryDate"/>
            <output path="$MessageAssembly2/JSON/spath('Data',2)/requestedDeliveryDate"/>
        </move>
    </mappingDeclaration>
</mappingRoot>