<?xml version="1.0" encoding="UTF-8"?><mappingRoot xmlns="http://www.ibm.com/2008/ccl/Mapping" domainID="com.ibm.msl.mapping.xml" domainIDExtension="mb" mainMap="true" targetNamespace="putCustomerOrder" version="8.0.5.0" xmlns:map="putCustomerOrder">
    <input path="jar:file://!com/ibm/etools/mft/map/xsds/predefined/JsonDomainMsg.xsd" var="var"/>
    <input derivedFrom="MB:JSON_schema_in_swagger_document" path="/swagger.json" var="var1"/>
    <output path="/putCustomerOrder/customerOrder.xsd"/>
    <namespaces>
        <namespace kind="supplement" prefix="in" uri="http://www.ibm.com/iib/msl/json"/>
        <namespace kind="supplement" prefix="out" uri="http://TIP026_DSP_Orders_REST/customerOrder"/>
    </namespaces>
    <generation engine="xquery"/>
    <mappingDeclaration name="mapToXml">
        <input namespace="http://www.ibm.com/iib/msl/json" path="$var/mb:msg(JSON,assembly,JSON,Properties)" var="ComIbmMessageAssembly_JSON">
            <cast derivedFrom="MB:JSON_operation_request" path="$ComIbmMessageAssembly_JSON/JSON/Data/type('anyType')" qualifier="{http://www.ibm.com/iib/msl/json}PutCustomerOrderRequest" ref="var1"/>
        </input>
        <output namespace="http://TIP026_DSP_Orders_REST/customerOrder" path="mb:msg(orderChangeRequest,assembly,XMLNSC,Properties)" var="ComIbmMessageAssembly_orderChangeRequest"/>
        <move>
            <input path="$ComIbmMessageAssembly_JSON/Properties"/>
            <output path="$ComIbmMessageAssembly_orderChangeRequest/Properties"/>
        </move>
        <function ref="normalize">
            <input path="$ComIbmMessageAssembly_JSON/JSON/spath('Data',2)/companyNumber" var="companyNumber"/>
            <output path="$ComIbmMessageAssembly_orderChangeRequest/orderChangeRequest/companyNumber"/>
            <param name="input" value="$companyNumber"/>
        </function>
        <function ref="normalize">
            <input path="$ComIbmMessageAssembly_JSON/JSON/spath('Data',2)/customerNumber" var="customerNumber"/>
            <output path="$ComIbmMessageAssembly_orderChangeRequest/orderChangeRequest/customerNumber"/>
            <param name="input" value="$customerNumber"/>
        </function>
        <function ref="normalize">
            <input path="$ComIbmMessageAssembly_JSON/JSON/spath('Data',2)/orderNumber" var="orderNumber"/>
            <output path="$ComIbmMessageAssembly_orderChangeRequest/orderChangeRequest/orderNumber"/>
            <param name="input" value="$orderNumber"/>
        </function>
        <move>
            <input path="$ComIbmMessageAssembly_JSON/JSON/spath('Data',2)/estimatedOrderAmount"/>
            <output path="$ComIbmMessageAssembly_orderChangeRequest/orderChangeRequest/estimatedOrderAmount"/>
        </move>
        <foreach>
            <input path="$ComIbmMessageAssembly_JSON/JSON/spath('Data',2)/orderLines/Item" var="Item1"/>
            <output path="$ComIbmMessageAssembly_orderChangeRequest/orderChangeRequest/orderLinesChangeRequest"/>
            <condition>
                <if>
                    <input path="$Item1/." var="Item"/>
                    <output path="addRequest"/>
                    <test lang="xpath">fn:lower-case($Item/action ) = 'add'</test>
                    <function ref="normalize">
                        <input path="$Item/sku" var="sku"/>
                        <output path="sku"/>
                        <param name="input" value="$sku"/>
                    </function>
                    <function ref="normalize">
                        <input path="$Item/quantity" var="quantity"/>
                        <output path="quantity"/>
                        <param name="input" value="$quantity"/>
                    </function>
                    <condition>
                        <if>
                            <input path="$Item/lostSalesWarehouse" var="lostSalesWarehouse"/>
                            <output path="lostSalesWarehouse"/>
                            <test lang="xpath">(fn:nilled($lostSalesWarehouse) or ($lostSalesWarehouse = '')) = fn:false()</test>
                            <function ref="normalize">
                                <input path="$lostSalesWarehouse/." var="lostSalesWarehouse"/>
                                <output path="."/>
                                <param name="input" value="$lostSalesWarehouse"/>
                            </function>
                        </if>
                        <else>
                            <output path="lostSalesWarehouse"/>
                            <assign>
                                <output path="."/>
                            </assign>
                        </else>
                    </condition>
                    <if>
                        <input path="$Item/orderLineUnit" var="orderLineUnit"/>
                        <output path="orderLineUnit"/>
                        <test lang="xpath">fn:exists($orderLineUnit ) and fn:nilled($orderLineUnit ) = fn:false()</test>
                        <function ref="normalize">
                            <input path="$orderLineUnit/." var="orderLineUnit"/>
                            <output path="."/>
                            <param name="input" value="$orderLineUnit"/>
                        </function>
                    </if>
                    <if>
                        <input path="$Item/discountLine1" var="discountLine1"/>
                        <output path="discountLine1"/>
                        <test lang="xpath">fn:exists($discountLine1 ) and fn:nilled($discountLine1 ) = fn:false()</test>
                        <move>
                            <input path="$discountLine1/." var="discountLine1"/>
                            <output path="."/>
                        </move>
                    </if>
                    <if>
                        <input path="$Item/discountLine2" var="discountLine2"/>
                        <output path="discountLine2"/>
                        <test lang="xpath">fn:exists($discountLine2 ) and fn:nilled($discountLine2 ) = fn:false()</test>
                        <move>
                            <input path="$discountLine2/." var="discountLine2"/>
                            <output path="."/>
                        </move>
                    </if>
                    <if>
                        <input path="$Item/discountLine3" var="discountLine3"/>
                        <output path="discountLine3"/>
                        <test lang="xpath">fn:exists($discountLine3 ) and fn:nilled($discountLine3 ) = fn:false()</test>
                        <move>
                            <input path="$discountLine3/." var="discountLine3"/>
                            <output path="."/>
                        </move>
                    </if>
                    <if>
                        <input path="$Item/discountLine4" var="discountLine4"/>
                        <output path="discountLine4"/>
                        <test lang="xpath">fn:exists($discountLine4 ) and fn:nilled($discountLine4 ) = fn:false()</test>
                        <move>
                            <input path="$discountLine4/." var="discountLine4"/>
                            <output path="."/>
                        </move>
                    </if>
                    <if>
                        <input path="$Item/discountLine5" var="discountLine5"/>
                        <output path="discountLine5"/>
                        <test lang="xpath">fn:exists($discountLine5 ) and fn:nilled($discountLine5 ) = fn:false()</test>
                        <move>
                            <input path="$discountLine5/." var="discountLine5"/>
                            <output path="."/>
                        </move>
                    </if>
                    <if>
                        <input path="$Item/discountLine6" var="discountLine6"/>
                        <output path="discountLine6"/>
                        <test lang="xpath">fn:exists($discountLine6 ) and fn:nilled($discountLine6 ) = fn:false()</test>
                        <move>
                            <input path="$discountLine6/." var="discountLine6"/>
                            <output path="."/>
                        </move>
                    </if>
                    <condition>
                        <if>
                            <input path="$Item/isLostSales" var="isLostSales"/>
                            <output path="isLostSales"/>
                            <test lang="xpath">fn:exists($isLostSales )  and fn:nilled($isLostSales ) = fn:false()</test>
                            <move>
                                <input path="$isLostSales/." var="isLostSales"/>
                                <output path="."/>
                            </move>
                        </if>
                        <else>
                            <output path="isLostSales"/>
                            <assign value="false">
                                <output path="."/>
                            </assign>
                        </else>
                    </condition>
                    <function ref="normalize">
                        <input path="$Item/action" var="action"/>
                        <output path="action"/>
                        <param name="input" value="$action"/>
                    </function>
                    <if>
                        <input path="$Item/lostSalesUniqueId" var="lostSalesUniqueId"/>
                        <output path="lostSalesUniqueId"/>
                        <test lang="xpath">fn:exists($lostSalesUniqueId ) and fn:nilled($lostSalesUniqueId ) = fn:false()</test>
                        <function ref="normalize">
                            <input path="$lostSalesUniqueId/." var="lostSalesUniqueId"/>
                            <output path="."/>
                            <param name="input" value="$lostSalesUniqueId"/>
                        </function>
                    </if>
                </if>
                <elseif>
                    <input path="$Item1/." var="Item2"/>
                    <output path="updateRequest"/>
                    <test lang="xpath">fn:lower-case($Item2/action ) = 'upd'</test>
                    <function ref="normalize">
                        <input path="$Item2/sku" var="sku1"/>
                        <output path="sku"/>
                        <param name="input" value="$sku1"/>
                    </function>
                    <function ref="normalize">
                        <input path="$Item2/quantity" var="quantity1"/>
                        <output path="quantity"/>
                        <param name="input" value="$quantity1"/>
                    </function>
                    <if>
                        <input path="$Item2/lostSalesWarehouse" var="lostSalesWarehouse1"/>
                        <output path="lostSalesWarehouse"/>
                        <test lang="xpath">fn:exists($lostSalesWarehouse1 ) and fn:nilled($lostSalesWarehouse1 ) = fn:false()</test>
                        <function ref="normalize">
                            <input path="$lostSalesWarehouse1/." var="lostSalesWarehouse1"/>
                            <output path="."/>
                            <param name="input" value="$lostSalesWarehouse1"/>
                        </function>
                    </if>
                    <if>
                        <input path="$Item2/orderLineUnit" var="orderLineUnit1"/>
                        <output path="orderLineUnit"/>
                        <test lang="xpath">fn:exists($orderLineUnit1 ) and fn:nilled($orderLineUnit1 ) = fn:false()</test>
                        <function ref="normalize">
                            <input path="$orderLineUnit1/." var="orderLineUnit1"/>
                            <output path="."/>
                            <param name="input" value="$orderLineUnit1"/>
                        </function>
                    </if>
                    <if>
                        <input path="$Item2/discountLine1" var="discountLine11"/>
                        <output path="discountLine1"/>
                        <test lang="xpath">fn:exists($discountLine11 ) and fn:nilled($discountLine11 ) = fn:false()</test>
                        <move>
                            <input path="$discountLine11/." var="discountLine11"/>
                            <output path="."/>
                        </move>
                    </if>
                    <if>
                        <input path="$Item2/discountLine2" var="discountLine21"/>
                        <output path="discountLine2"/>
                        <test lang="xpath">fn:exists($discountLine21 ) and fn:nilled($discountLine21 ) = fn:false()</test>
                        <move>
                            <input path="$discountLine21/." var="discountLine21"/>
                            <output path="."/>
                        </move>
                    </if>
                    <if>
                        <input path="$Item2/discountLine3" var="discountLine31"/>
                        <output path="discountLine3"/>
                        <test lang="xpath">fn:exists($discountLine31 ) and fn:nilled($discountLine31 ) = fn:false()</test>
                        <move>
                            <input path="$discountLine31/." var="discountLine31"/>
                            <output path="."/>
                        </move>
                    </if>
                    <if>
                        <input path="$Item2/discountLine4" var="discountLine41"/>
                        <output path="discountLine4"/>
                        <test lang="xpath">fn:exists($discountLine41 ) and fn:nilled($discountLine41 ) = fn:false()</test>
                        <move>
                            <input path="$discountLine41/." var="discountLine41"/>
                            <output path="."/>
                        </move>
                    </if>
                    <if>
                        <input path="$Item2/discountLine5" var="discountLine51"/>
                        <output path="discountLine5"/>
                        <test lang="xpath">fn:exists($discountLine51 ) and fn:nilled($discountLine51 ) = fn:false()</test>
                        <move>
                            <input path="$discountLine51/." var="discountLine51"/>
                            <output path="."/>
                        </move>
                    </if>
                    <if>
                        <input path="$Item2/discountLine6" var="discountLine61"/>
                        <output path="discountLine6"/>
                        <test lang="xpath">fn:exists($discountLine61 ) and fn:nilled($discountLine61 ) = fn:false()</test>
                        <move>
                            <input path="$discountLine61/." var="discountLine61"/>
                            <output path="."/>
                        </move>
                    </if>
                    <if>
                        <input path="$Item2/isLostSales" var="isLostSales1"/>
                        <output path="isLostSales"/>
                        <test lang="xpath">fn:exists($isLostSales1 ) and fn:nilled($isLostSales1 ) = fn:false()</test>
                        <move>
                            <input path="$isLostSales1/." var="isLostSales1"/>
                            <output path="."/>
                        </move>
                    </if>
                    <function ref="normalize">
                        <input path="$Item2/action" var="action1"/>
                        <output path="action"/>
                        <param name="input" value="$action1"/>
                    </function>
                    <if>
                        <input path="$Item2/lostSalesUniqueId" var="lostSalesUniqueId1"/>
                        <output path="lostSalesUniqueId"/>
                        <test lang="xpath">fn:exists($lostSalesUniqueId1 ) and fn:nilled($lostSalesUniqueId1 ) = fn:false()</test>
                        <function ref="normalize">
                            <input path="$lostSalesUniqueId1/." var="lostSalesUniqueId1"/>
                            <output path="."/>
                            <param name="input" value="$lostSalesUniqueId1"/>
                        </function>
                    </if>
                    <foreach>
                        <input path="$Item2/orderLineNumber/Item" var="Item4"/>
                        <output path="orderLineNumber"/>
                        <move>
                            <input path="$Item4/." var="Item5"/>
                            <output path="."/>
                        </move>
                    </foreach>
                </elseif>
                <elseif>
                    <input path="$Item1/." var="Item3"/>
                    <output path="deleteRequest"/>
                    <test lang="xpath">fn:lower-case($Item3/action ) = 'del'</test>
                    <if>
                        <input path="$Item3/sku" var="sku2"/>
                        <output path="sku"/>
                        <test lang="xpath">fn:exists($sku2 ) and fn:nilled($sku2 ) = fn:false()</test>
                        <function ref="normalize">
                            <input path="$sku2/." var="sku2"/>
                            <output path="."/>
                            <param name="input" value="$sku2"/>
                        </function>
                    </if>
                    <if>
                        <input path="$Item3/quantity" var="quantity2"/>
                        <output path="quantity"/>
                        <test lang="xpath">fn:exists($quantity2 ) and fn:nilled($quantity2 ) = fn:false()</test>
                        <function ref="normalize">
                            <input path="$quantity2/." var="quantity2"/>
                            <output path="."/>
                            <param name="input" value="$quantity2"/>
                        </function>
                    </if>
                    <if>
                        <input path="$Item3/lostSalesWarehouse" var="lostSalesWarehouse2"/>
                        <output path="lostSalesWarehouse"/>
                        <test lang="xpath">fn:exists($lostSalesWarehouse2 ) and fn:nilled($lostSalesWarehouse2 ) = fn:false()</test>
                        <function ref="normalize">
                            <input path="$lostSalesWarehouse2/." var="lostSalesWarehouse2"/>
                            <output path="."/>
                            <param name="input" value="$lostSalesWarehouse2"/>
                        </function>
                    </if>
                    <if>
                        <input path="$Item3/orderLineUnit" var="orderLineUnit2"/>
                        <output path="orderLineUnit"/>
                        <test lang="xpath">fn:exists($orderLineUnit2 ) and fn:nilled($orderLineUnit2 ) = fn:false()</test>
                        <function ref="normalize">
                            <input path="$orderLineUnit2/." var="orderLineUnit2"/>
                            <output path="."/>
                            <param name="input" value="$orderLineUnit2"/>
                        </function>
                    </if>
                    <if>
                        <input path="$Item3/discountLine1" var="discountLine12"/>
                        <output path="discountLine1"/>
                        <test lang="xpath">fn:exists($discountLine12 ) and fn:nilled($discountLine12 ) = fn:false()</test>
                        <move>
                            <input path="$discountLine12/." var="discountLine12"/>
                            <output path="."/>
                        </move>
                    </if>
                    <if>
                        <input path="$Item3/discountLine2" var="discountLine22"/>
                        <output path="discountLine2"/>
                        <test lang="xpath">fn:exists($discountLine22 ) and fn:nilled($discountLine22 ) = fn:false()</test>
                        <move>
                            <input path="$discountLine22/." var="discountLine22"/>
                            <output path="."/>
                        </move>
                    </if>
                    <if>
                        <input path="$Item3/discountLine3" var="discountLine32"/>
                        <output path="discountLine3"/>
                        <test lang="xpath">fn:exists($discountLine32 ) and fn:nilled($discountLine32 ) = fn:false()</test>
                        <move>
                            <input path="$discountLine32/." var="discountLine32"/>
                            <output path="."/>
                        </move>
                    </if>
                    <if>
                        <input path="$Item3/discountLine4" var="discountLine42"/>
                        <output path="discountLine4"/>
                        <test lang="xpath">fn:exists($discountLine42 ) and fn:nilled($discountLine42 ) = fn:false()</test>
                        <move>
                            <input path="$discountLine42/." var="discountLine42"/>
                            <output path="."/>
                        </move>
                    </if>
                    <if>
                        <input path="$Item3/discountLine5" var="discountLine52"/>
                        <output path="discountLine5"/>
                        <test lang="xpath">fn:exists($discountLine52 ) and fn:nilled($discountLine52 ) = fn:false()</test>
                        <move>
                            <input path="$discountLine52/." var="discountLine52"/>
                            <output path="."/>
                        </move>
                    </if>
                    <if>
                        <input path="$Item3/discountLine6" var="discountLine62"/>
                        <output path="discountLine6"/>
                        <test lang="xpath">fn:exists($discountLine62 ) and fn:nilled($discountLine62 ) = fn:false()</test>
                        <move>
                            <input path="$discountLine62/." var="discountLine62"/>
                            <output path="."/>
                        </move>
                    </if>
                    <if>
                        <input path="$Item3/isLostSales" var="isLostSales2"/>
                        <output path="isLostSales"/>
                        <test lang="xpath">fn:exists($isLostSales2 ) and fn:nilled($isLostSales2 ) = fn:false()</test>
                        <move>
                            <input path="$isLostSales2/." var="isLostSales2"/>
                            <output path="."/>
                        </move>
                    </if>
                    <function ref="normalize">
                        <input path="$Item3/action" var="action2"/>
                        <output path="action"/>
                        <param name="input" value="$action2"/>
                    </function>
                    <if>
                        <input path="$Item3/lostSalesUniqueId" var="lostSalesUniqueId2"/>
                        <output path="lostSalesUniqueId"/>
                        <test lang="xpath">fn:exists($lostSalesUniqueId2 ) and fn:nilled($lostSalesUniqueId2 ) = fn:false()</test>
                        <function ref="normalize">
                            <input path="$lostSalesUniqueId2/." var="lostSalesUniqueId2"/>
                            <output path="."/>
                            <param name="input" value="$lostSalesUniqueId2"/>
                        </function>
                    </if>
                    <foreach>
                        <input path="$Item3/orderLineNumber/Item" var="Item6"/>
                        <output path="orderLineNumber"/>
                        <move>
                            <input path="$Item6/." var="Item7"/>
                            <output path="."/>
                        </move>
                    </foreach>
                </elseif>
            </condition>
        </foreach>
        <move>
            <input path="$ComIbmMessageAssembly_JSON/JSON/spath('Data',2)/orderType"/>
            <output path="$ComIbmMessageAssembly_orderChangeRequest/orderChangeRequest/orderType"/>
        </move>
        <move>
            <input path="$ComIbmMessageAssembly_JSON/JSON/spath('Data',2)/requestedDeliveryDate"/>
            <output path="$ComIbmMessageAssembly_orderChangeRequest/orderChangeRequest/requestedDeliveryDate"/>
        </move>
        <move>
            <input path="$ComIbmMessageAssembly_JSON/JSON/spath('Data',2)/defaultM3OrderType"/>
            <output path="$ComIbmMessageAssembly_orderChangeRequest/orderChangeRequest/defaultM3OrderType"/>
        </move>
    </mappingDeclaration>
</mappingRoot>